2026-10-05 08:09:28,451 [INFO] [BatchDataGenerator] Loading configuration from: config/generator_config.yaml
2026-10-05 08:09:28,463 [INFO] [BatchDataGenerator] Init BatchGenerator: mode='small', dry_run=False, stats_only=False, skew_enabled=False, base_seed=42, sample_size=1,000, target_size_gb=N/A, chunk_size=250,000
2026-10-05 08:12:18,970 [INFO] [BatchDataGenerator] Source classification counts: {'OLD': 20442805, 'NEW': 22005959, 'EXCLUDED': 0, 'INVALID': 0}
2026-10-05 08:12:18,978 [INFO] [BatchDataGenerator] Selected source rows: {'OLD': 500, 'NEW': 500}
2026-10-05 08:12:19,055 [INFO] [BatchDataGenerator] [Part 1]: Writing 510 rows (9 cols) to /tmp/ecom-m1-runtime-kWrAz2/raw_events_old.csv...
2026-10-05 08:12:19,101 [INFO] [BatchDataGenerator] [Part 2]: Writing 510 rows (10 cols) to /tmp/ecom-m1-runtime-kWrAz2/raw_events_new.csv...

=====================================================================================
BATCH DATA GENERATOR REPORT (SMALL MODE)
=====================================================================================
1. VOLUME & TIMING:
   - Execution time:                170.64 seconds
   - Total records generated:       1,020 rows (0.13 MB)
   - Part 1 (Old Schema, 9 cols):   510 rows -> /tmp/ecom-m1-runtime-kWrAz2/raw_events_old.csv
   - Part 2 (New Schema, 10 cols):  510 rows -> /tmp/ecom-m1-runtime-kWrAz2/raw_events_new.csv
-------------------------------------------------------------------------------------
2. SCHEMA EVOLUTION:
   - Part 1 columns: ['event_time', 'event_type', 'product_id', 'category_id', 'category_code', 'brand', 'price', 'user_id', 'user_session']
   - Part 2 columns: ['event_time', 'event_type', 'product_id', 'category_id', 'category_code', 'brand', 'price', 'user_id', 'user_session', 'discount_percent']
   - New column: 'discount_percent' (present only in Part 2)
-------------------------------------------------------------------------------------
3. FAULT INJECTION (DUPLICATES & SKEW):
   - Injected duplicates:           20 rows
   - Actual duplicate rate:         1.96% (Target: ~2%)
-------------------------------------------------------------------------------------
4. CARDINALITY (SAMPLE):
   - Unique user_id in sample:      999
=====================================================================================

2026-10-05 08:12:19,102 [INFO] [BatchDataGenerator] Saved generation manifest locally at: /tmp/ecom-m1-runtime-kWrAz2/generation_manifest.json
